
> evowild-test@0.0.1 prebuild
> node scripts/generate-s-model.mjs

generated public/models/evowild-s.obj

> evowild-test@0.0.1 build
> vite build

vite v7.3.7 building client environment for production...
transforming...
✓ 17 modules transformed.
rendering chunks...
computing gzip size...
dist/race-lane5.html                              1.90 kB │ gzip:   0.87 kB
dist/race-2_5d.html                               3.06 kB │ gzip:   1.22 kB
dist/index.html                                   3.55 kB │ gzip:   1.28 kB
dist/race-quality.html                            4.16 kB │ gzip:   1.51 kB
dist/assets/race_lane5-OeTLpWgh.css               3.67 kB │ gzip:   1.39 kB
dist/assets/race2_5d-DefcRidv.css                 4.05 kB │ gzip:   1.58 kB
dist/assets/main-CMZSGyjx.css                     4.76 kB │ gzip:   1.61 kB
dist/assets/race_quality-CdPDXUyA.css            10.85 kB │ gzip:   2.83 kB
dist/assets/modulepreload-polyfill-B5Qt9EMX.js    0.71 kB │ gzip:   0.40 kB
dist/assets/race2_5d-JtDeRsQc.js                  9.41 kB │ gzip:   4.16 kB
dist/assets/race_lane5-BZ0EtTVs.js               14.29 kB │ gzip:   6.14 kB
dist/assets/race_quality-MJM96CVX.js             33.68 kB │ gzip:  12.60 kB
dist/assets/main-nE_ODobT.js                    550.26 kB │ gzip: 146.00 kB

(!) Some chunks are larger than 500 kB after minification. Consider:
- Using dynamic import() to code-split the application
- Use build.rollupOptions.output.manualChunks to improve chunking: https://rollupjs.org/configuration-options/#output-manualchunks
- Adjust chunk size limit for this warning via build.chunkSizeWarningLimit.
✓ built in 2.20s
npm notice
npm notice New major version of npm available! 11.9.0 -> 12.2.0
npm notice Changelog: https://github.com/npm/cli/releases/tag/v12.2.0
npm notice To update run: npm install -g npm@12.2.0
npm notice
